2026-03-17 12:17:54 | INFO     | ==================================================
2026-03-17 12:17:54 | INFO     | TEST REPORT — RFQ Parser
2026-03-17 12:17:54 | INFO     | Run by: elsay
2026-03-17 12:17:54 | INFO     | Total cases: 8
2026-03-17 12:17:54 | INFO     | --------------------------------------------------
2026-03-17 12:17:54 | INFO     | TEST | Case 1: PASS | HPS Lamp — two sourcing identifiers
2026-03-17 12:17:54 | INFO     | TEST | Case 2: PASS | Combustion Air Blower Cord — single identifier
2026-03-17 12:17:54 | INFO     | TEST | Case 3: PASS | Bevel Gear — hyphenated part number
2026-03-17 12:17:54 | INFO     | TEST | Case 4: PASS | O Ring Suction Flange — hyphenated part number
2026-03-17 12:17:54 | INFO     | TEST | Case 5: PASS | O Ring Discharge Flange — hyphenated part number
2026-03-17 12:17:54 | INFO     | TEST | Case 6: PASS | Edge case — blank PN/MODEL/MFR
2026-03-17 12:17:54 | INFO     | TEST | Case 7: PASS | Edge case — missing part number
2026-03-17 12:17:54 | INFO     | TEST | Case 8: PASS | Edge case — missing manufacturer
2026-03-17 12:17:54 | INFO     | --------------------------------------------------
2026-03-17 12:17:54 | INFO     | Passed:   8/8
2026-03-17 12:17:54 | INFO     | Failed:   0/8
2026-03-17 12:17:54 | INFO     | Duration: 0.03 seconds
2026-03-17 12:17:54 | INFO     | Result: ALL TESTS PASSED
2026-03-17 12:17:54 | INFO     | ==================================================
2026-03-17 13:37:48 | INFO     | ==================================================
2026-03-17 13:37:48 | INFO     | TEST REPORT — RFQ Parser
2026-03-17 13:37:48 | INFO     | Run by: elsay
2026-03-17 13:37:48 | INFO     | Total cases: 8
2026-03-17 13:37:48 | INFO     | --------------------------------------------------
2026-03-17 13:37:48 | INFO     | TEST | Case 1: PASS | HPS Lamp — two sourcing identifiers
2026-03-17 13:37:48 | INFO     | TEST | Case 2: PASS | Combustion Air Blower Cord — single identifier
2026-03-17 13:37:48 | INFO     | TEST | Case 3: PASS | Bevel Gear — hyphenated part number
2026-03-17 13:37:48 | INFO     | TEST | Case 4: PASS | O Ring Suction Flange — hyphenated part number
2026-03-17 13:37:48 | INFO     | TEST | Case 5: PASS | O Ring Discharge Flange — hyphenated part number
2026-03-17 13:37:48 | INFO     | TEST | Case 6: PASS | Edge case — blank PN/MODEL/MFR
2026-03-17 13:37:48 | INFO     | TEST | Case 7: PASS | Edge case — missing part number
2026-03-17 13:37:48 | INFO     | TEST | Case 8: PASS | Edge case — missing manufacturer
2026-03-17 13:37:48 | INFO     | --------------------------------------------------
2026-03-17 13:37:48 | INFO     | Passed:   8/8
2026-03-17 13:37:48 | INFO     | Failed:   0/8
2026-03-17 13:37:48 | INFO     | Duration: 0.17 seconds
2026-03-17 13:37:48 | INFO     | Result: ALL TESTS PASSED
2026-03-17 13:37:48 | INFO     | ==================================================
2026-03-17 13:53:33 | INFO     | ==================================================
2026-03-17 13:53:33 | INFO     | TEST REPORT — RFQ Parser
2026-03-17 13:53:33 | INFO     | Run by: elsay
2026-03-17 13:53:33 | INFO     | Total cases: 8
2026-03-17 13:53:33 | INFO     | --------------------------------------------------
2026-03-17 13:53:33 | INFO     | TEST | Case 1: PASS | HPS Lamp — two sourcing identifiers
2026-03-17 13:53:33 | INFO     | TEST | Case 2: PASS | Combustion Air Blower Cord — single identifier
2026-03-17 13:53:33 | INFO     | TEST | Case 3: PASS | Bevel Gear — hyphenated part number
2026-03-17 13:53:33 | INFO     | TEST | Case 4: PASS | O Ring Suction Flange — hyphenated part number
2026-03-17 13:53:33 | INFO     | TEST | Case 5: PASS | O Ring Discharge Flange — hyphenated part number
2026-03-17 13:53:33 | INFO     | TEST | Case 6: PASS | Edge case — blank PN/MODEL/MFR
2026-03-17 13:53:33 | INFO     | TEST | Case 7: PASS | Edge case — missing part number
2026-03-17 13:53:33 | INFO     | TEST | Case 8: PASS | Edge case — missing manufacturer
2026-03-17 13:53:33 | INFO     | --------------------------------------------------
2026-03-17 13:53:33 | INFO     | Passed:   8/8
2026-03-17 13:53:33 | INFO     | Failed:   0/8
2026-03-17 13:53:33 | INFO     | Duration: 0.01 seconds
2026-03-17 13:53:33 | INFO     | Result: ALL TESTS PASSED
2026-03-17 13:53:33 | INFO     | ==================================================
